// Jest Snapshot v1, https://goo.gl/fbAQLP

exports[`Web Audio Player UI Tests Playlists list loaded 1`] = `Object {}`;
